#BIND_OUTPUT version: 3.0



#---------------------- SYMMETRY ANALYSIS ----------------------

1 Elements are present. They are:
  1 Identity.
   Equivalent Atoms: 1 -> 1, 2 -> 2, 3 -> 3, 4 -> 4, 5 -> 5, 6 -> 6, 7 -> 7, 8 -> 8, 9 -> 9, 10 -> 10, 11 -> 11, 12 -> 12, 13 -> 13, 14 -> 14, 15 -> 15, 16 -> 16, 17 -> 17, 18 -> 18, 19 -> 19, 20 -> 20, 21 -> 21, 22 -> 22, 23 -> 23, 24 -> 24, 25 -> 25, 26 -> 26, 

Here are the  Non-Redundant Elements which are present:
Identity.
   Equivalent Atoms: 1 -> 1, 2 -> 2, 3 -> 3, 4 -> 4, 5 -> 5, 6 -> 6, 7 -> 7, 8 -> 8, 9 -> 9, 10 -> 10, 11 -> 11, 12 -> 12, 13 -> 13, 14 -> 14, 15 -> 15, 16 -> 16, 17 -> 17, 18 -> 18, 19 -> 19, 20 -> 20, 21 -> 21, 22 -> 22, 23 -> 23, 24 -> 24, 25 -> 25, 26 -> 26, 

;-----------------------------------------------------------------
Allocating approximately   291.33 Kbytes (    0.28 Meg).
Each matrix is:     0.00 meg.

; Number of orbitals
#Num_Orbitals: 68
Error value from Diagonalization (0 is good): 0

#	******* Energies (in eV)  and Occupation Numbers *******
1:--->  -35.8758  [2.000 Electrons]
2:--->  -35.2195  [2.000 Electrons]
3:--->  -33.0164  [2.000 Electrons]
4:--->  -30.8297  [2.000 Electrons]
5:--->  -29.4767  [2.000 Electrons]
6:--->  -27.7764  [2.000 Electrons]
7:--->  -24.7983  [2.000 Electrons]
8:--->  -24.0462  [2.000 Electrons]
9:--->  -23.0161  [2.000 Electrons]
10:--->  -21.7998  [2.000 Electrons]
11:--->  -19.7542  [2.000 Electrons]
12:--->   -18.362  [2.000 Electrons]
13:--->   -17.734  [2.000 Electrons]
14:--->  -17.2667  [2.000 Electrons]
15:--->  -16.7277  [2.000 Electrons]
16:--->  -16.5811  [2.000 Electrons]
17:--->  -16.2486  [2.000 Electrons]
18:--->   -15.896  [2.000 Electrons]
19:--->   -15.876  [2.000 Electrons]
20:--->  -15.7708  [2.000 Electrons]
21:--->  -15.7002  [2.000 Electrons]
22:--->  -15.5082  [2.000 Electrons]
23:--->  -15.3988  [2.000 Electrons]
24:--->  -15.3093  [2.000 Electrons]
25:--->  -15.1736  [2.000 Electrons]
26:--->  -15.0427  [2.000 Electrons]
27:--->  -14.9084  [2.000 Electrons]
28:--->   -14.786  [2.000 Electrons]
29:--->  -14.6311  [2.000 Electrons]
30:--->  -14.5089  [2.000 Electrons]
31:--->  -14.3185  [2.000 Electrons]
32:--->  -13.8805  [2.000 Electrons]
33:--->  -13.6337  [2.000 Electrons]
34:--->  -13.1522  [2.000 Electrons]
35:--->  -12.9792  [2.000 Electrons]
36:--->  -12.5738  [2.000 Electrons]
37:--->  -12.1934  [2.000 Electrons]
38:--->  -11.7727  [2.000 Electrons]
39:--->  -10.0426  [2.000 Electrons]
40:--->  -8.25959  [0.000 Electrons]
41:--->  -8.14887  [0.000 Electrons]
42:--->  -2.40782  [0.000 Electrons]
43:--->  -0.863701  [0.000 Electrons]
44:--->  0.804019  [0.000 Electrons]
45:--->   1.33744  [0.000 Electrons]
46:--->   1.46742  [0.000 Electrons]
47:--->   1.87701  [0.000 Electrons]
48:--->   2.00765  [0.000 Electrons]
49:--->   3.12626  [0.000 Electrons]
50:--->    4.7132  [0.000 Electrons]
51:--->   4.86486  [0.000 Electrons]
52:--->   5.92896  [0.000 Electrons]
53:--->   6.50405  [0.000 Electrons]
54:--->     7.044  [0.000 Electrons]
55:--->    7.9114  [0.000 Electrons]
56:--->   8.34786  [0.000 Electrons]
57:--->   10.5699  [0.000 Electrons]
58:--->   17.8348  [0.000 Electrons]
59:--->   21.0292  [0.000 Electrons]
60:--->    23.846  [0.000 Electrons]
61:--->   27.1119  [0.000 Electrons]
62:--->    29.813  [0.000 Electrons]
63:--->   30.7835  [0.000 Electrons]
64:--->   36.0172  [0.000 Electrons]
65:--->   36.6964  [0.000 Electrons]
66:--->   44.9764  [0.000 Electrons]
67:--->   46.1223  [0.000 Electrons]
68:--->   48.3702  [0.000 Electrons]
Total_Energy: -1443.17

# Characters of wavefunctions with respect to symmetry operations present.
;              1 
   1:--->  1.000 
   2:--->  1.000 
   3:--->  1.000 
   4:--->  1.000 
   5:--->  1.000 
   6:--->  1.000 
   7:--->  1.000 
   8:--->  1.000 
   9:--->  1.000 
  10:--->  1.000 
  11:--->  1.000 
  12:--->  1.000 
  13:--->  1.000 
  14:--->  1.000 
  15:--->  1.000 
  16:--->  1.000 
  17:--->  1.000 
  18:--->  1.000 
  19:--->  1.000 
  20:--->  1.000 
  21:--->  1.000 
  22:--->  1.000 
  23:--->  1.000 
  24:--->  1.000 
  25:--->  1.000 
  26:--->  1.000 
  27:--->  1.000 
  28:--->  1.000 
  29:--->  1.000 
  30:--->  1.000 
  31:--->  1.000 
  32:--->  1.000 
  33:--->  1.000 
  34:--->  1.000 
  35:--->  1.000 
  36:--->  1.000 
  37:--->  1.000 
  38:--->  1.000 
  39:--->  1.000 
  40:--->  1.000 
  41:--->  1.000 
  42:--->  1.000 
  43:--->  1.000 
  44:--->  1.000 
  45:--->  1.000 
  46:--->  1.000 
  47:--->  1.000 
  48:--->  1.000 
  49:--->  1.000 
  50:--->  1.000 
  51:--->  1.000 
  52:--->  1.000 
  53:--->  1.000 
  54:--->  1.000 
  55:--->  1.000 
  56:--->  1.000 
  57:--->  1.000 
  58:--->  1.000 
  59:--->  1.000 
  60:--->  1.000 
  61:--->  1.000 
  62:--->  1.000 
  63:--->  1.000 
  64:--->  1.000 
  65:--->  1.000 
  66:--->  1.000 
  67:--->  1.000 
  68:--->  1.000 

;   Reduced Mulliken Overlap Population Matrix for 78.000 electrons:

              1        2        3        4        5        6        7      
  1        5.4439    
  2        -0.0000     6.5906    
  3        0.0000      -0.0000     6.8309    
  4        0.0000      -0.0000     -0.0505     6.7926    
  5        -0.0662     -0.0534     0.0001      -0.0010     4.7184    
  6        -0.0143     -0.0004     -0.0000     -0.0077     -0.0033     3.5238    
  7        0.7297      -0.0005     -0.0000     0.0001      0.6033      -0.0399     2.5340    
  8        0.6747      -0.0000     -0.0002     -0.0027     -0.0571     0.0000      -0.0738   
  9        -0.0680     -0.0004     -0.0632     -0.0679     0.6515      -0.0001     -0.0709   
  10       -0.0610     -0.0673     0.0000      -0.0003     -0.1489     0.6683      0.7164    
  11       -0.0021     0.9956      0.0001      0.0008      0.8487      -0.0378     -0.1233   
  12       -0.0672     -0.0000     -0.0005     -0.0059     0.0009      -0.0000     0.0011    
  13       -0.0866     -0.0000     -0.0000     -0.0000     -0.0008     -0.0000     -0.0023   
  14       -0.0031     0.0000      0.8471      0.8719      -0.0373     -0.0007     -0.0001   
  15       -0.0010     -0.0000     0.0000      0.0000      -0.0001     0.7225      -0.0025   
  16       0.0071      -0.0000     0.0000      0.0087      0.0002      0.7132      -0.0129   
  17       -0.0003     0.0006      -0.0000     -0.0004     -0.0001     0.7224      0.0030    
  18       -0.0962     0.0000      0.0000      -0.0000     -0.0235     0.0009      0.7916    
  19       0.0014      -0.0000     -0.0061     0.0004      -0.0500     -0.0000     0.0010    
  20       0.0009      -0.0005     0.0000      -0.0000     0.0017      -0.0569     -0.0460   
  21       -0.0219     -0.0000     0.0000      0.0000      -0.0000     0.0000      0.0002    
  22       0.0026      0.0000      0.0000      0.0001      -0.0000     -0.0000     -0.0001   
  23       -0.0026     -0.0000     -0.0009     -0.0054     0.0001      -0.0000     0.0001    
  24       -0.0299     -0.0000     -0.0000     -0.0000     0.0001      -0.0000     -0.0002   
  25       0.0010      0.0000      -0.0000     -0.0000     -0.0000     -0.0000     0.0001    
  26       0.0015      -0.0000     -0.0000     -0.0000     -0.0000     0.0000      -0.0000   

              8        9        10       11       12       13       14     
  8        2.7264    
  9        0.7595      2.4964    
  10       0.0010      -0.0011     2.6122    
  11       0.0006      -0.0550     0.7897      1.7449    
  12       0.7619      -0.0586     0.0000      0.0000      2.6316    
  13       0.7727      -0.0707     -0.0001     0.0000      -0.0739     2.6401    
  14       -0.0412     0.8123      0.0003      -0.0098     -0.0134     0.0010      1.4964    
  15       0.0000      0.0000      -0.0538     0.0025      0.0000      -0.0000     0.0000    
  16       -0.0004     -0.0005     -0.0503     -0.0046     -0.0002     0.0000      -0.0036   
  17       0.0000      0.0000      -0.0541     -0.0128     0.0000      -0.0000     0.0000    
  18       -0.0005     0.0010      -0.0489     -0.0064     -0.0000     0.0003      -0.0000   
  19       -0.0490     0.8026      -0.0001     0.0001      -0.0007     -0.0204     -0.0598   
  20       -0.0001     0.0000      0.7925      -0.0377     0.0000      -0.0000     -0.0000   
  21       -0.0501     0.0021      -0.0000     0.0000      0.7915      -0.0030     0.0001    
  22       -0.0506     -0.0012     0.0000      -0.0000     0.7920      -0.0189     -0.0010   
  23       -0.0502     -0.0152     0.0000      -0.0000     0.7906      0.0023      0.0002    
  24       -0.0537     0.0011      -0.0000     0.0000      0.0008      0.7942      0.0000    
  25       -0.0515     -0.0228     0.0000      -0.0000     0.0011      0.7937      0.0002    
  26       -0.0525     0.0009      0.0000      0.0000      -0.0234     0.7934      0.0001    

              15       16       17       18       19       20       21     
  15       0.5082    
  16       -0.0393     0.4932    
  17       -0.0414     -0.0400     0.5078    
  18       0.0001      0.0002      -0.0000     0.6691    
  19       -0.0000     -0.0000     0.0000      0.0000      0.6945    
  20       -0.0169     0.0030      -0.0053     -0.0046     0.0000      0.6739    
  21       0.0000      -0.0000     -0.0000     -0.0000     -0.0000     0.0000      0.6662    
  22       0.0000      0.0000      0.0000      0.0000      0.0002      -0.0000     -0.0427   
  23       0.0000      -0.0001     0.0000      -0.0000     -0.0002     0.0000      -0.0408   
  24       -0.0000     0.0000      -0.0000     0.0000      0.0001      0.0000      0.0002    
  25       0.0000      -0.0000     0.0000      0.0000      -0.0046     -0.0000     -0.0000   
  26       0.0000      -0.0000     0.0000      0.0000      0.0001      -0.0000     -0.0007   

              22       23       24       25       26     
  22       0.6684    
  23       -0.0421     0.6545    
  24       0.0000      -0.0000     0.6677    
  25       0.0003      -0.0000     -0.0416     0.6643    
  26       -0.0037     0.0003      -0.0420     -0.0418     0.6664    

;    Net Atomic Charges for 78.000 electrons:
1 S: 0.106965
2 O: -1.027399
3 O: -1.193859
4 O: -1.162559
5 N: -0.550821
6 N: 0.143184
7 C: 0.229088
8 C: 0.055256
9 C: 0.235918
10 C: 0.146668
11 C: 1.080912
12 C: -0.079659
13 C: -0.080552
14 C: 1.322032
15 H: 0.206793
16 H: 0.216761
17 H: 0.206367
18 H: 0.023949
19 H: -0.001980
20 H: 0.010925
21 H: 0.016385
22 H: 0.014144
23 H: 0.027565
24 H: 0.017736
25 H: 0.018623
26 H: 0.017557
;      Total Charge is: 0.000000


; 		q-q-q-q-q-q-q-q  Charge Matrix q-q-q-q-q-q-q-q

;   Reduced Charge Matrix Independant of Occupation
      1        2        3        4        5        6        7      
   1  -0.0000  -0.0000  0.0000  0.0155  0.0042  0.0285  0.1237
   2  0.0095  0.6700  0.0005  0.0752  0.0003  0.0096  0.0008
   3  0.3403  0.0090  0.4411  0.0014  0.0032  0.0005  0.0060
   4  0.3665  0.0065  0.4057  0.0087  0.0007  0.0016  0.0064
   5  0.0039  0.0320  0.0001  0.3069  0.1025  0.0923  0.0717
   6  0.0004  0.0021  0.0010  0.1070  0.4560  0.0305  0.0581
   7  0.0004  0.0059  0.0001  0.1354  0.0082  0.0202  0.2465
   8  0.0008  0.0001  0.0001  0.0352  0.0478  0.2887  0.0190
   9  0.0155  0.0012  -0.0007  0.0929  0.0727  0.0329  0.1646
  10  0.0005  0.0149  0.0002  0.1020  0.1135  0.0060  0.1049
  11  0.0054  0.2545  0.0001  0.0767  0.0093  0.0348  0.0168
  12  0.0003  0.0000  0.0001  0.0048  0.0127  0.1786  0.0094
  13  0.0000  0.0000  0.0000  0.0071  0.0155  0.1823  0.0046
  14  0.2555  0.0042  0.1497  0.0033  0.0048  0.0017  0.0376
  15  -0.0000  0.0000  0.0000  0.0072  0.0456  0.0046  0.0128
  16  0.0008  -0.0001  0.0017  0.0069  0.0441  0.0040  0.0087
  17  0.0000  0.0000  0.0001  0.0069  0.0455  0.0043  0.0143
  18  -0.0000  -0.0001  0.0000  0.0025  0.0001  0.0010  0.0461
  19  -0.0001  -0.0000  0.0001  0.0021  0.0035  0.0008  0.0295
  20  -0.0000  -0.0002  0.0000  0.0017  0.0066  0.0000  0.0108
  21  -0.0000  0.0000  0.0000  0.0001  0.0005  0.0127  0.0024
  22  -0.0000  0.0000  0.0000  0.0001  0.0005  0.0135  0.0014
  23  0.0003  0.0000  0.0004  -0.0001  0.0005  0.0114  0.0011
  24  0.0000  0.0000  0.0000  0.0001  0.0006  0.0127  0.0016
  25  -0.0000  0.0000  0.0000  0.0002  0.0008  0.0123  0.0000
  26  0.0000  0.0000  0.0000  0.0001  0.0006  0.0144  0.0009
      8        9        10       11       12       13       14     
   1  0.0012  0.1868  0.0644  0.1323  0.1187  0.1112  0.0223
   2  0.0001  0.0219  0.0073  0.0439  0.0607  0.0385  0.0500
   3  0.0002  0.0057  0.0139  0.0115  0.1063  0.0080  0.0999
   4  0.0008  0.0047  0.0123  0.0086  0.1048  0.0072  0.1619
   5  0.0004  0.0674  0.0679  0.0400  0.0816  0.1135  0.0264
   6  0.0000  0.0037  0.0840  0.0079  0.0064  0.0700  0.1397
   7  0.0005  0.0942  0.0608  0.1170  0.0314  0.0676  0.0208
   8  0.0576  0.0604  0.0225  0.1299  0.0615  0.0763  0.0208
   9  0.0004  0.1017  0.1086  0.0392  0.1087  0.0972  0.0665
  10  0.0000  0.0217  0.2401  0.0436  0.0305  0.0967  0.0427
  11  0.0003  0.0840  0.0720  0.0668  0.0517  0.0300  0.0381
  12  0.3074  0.0707  0.0034  0.0656  0.0147  0.0459  0.0189
  13  0.2883  0.0870  0.0017  0.0614  0.0366  0.0340  0.0177
  14  0.0015  0.0332  0.0621  0.0276  0.1293  0.0113  0.0404
  15  0.0000  0.0012  0.0158  0.0032  0.0003  0.0008  0.0514
  16  0.0000  0.0015  0.0255  0.0003  0.0003  0.0143  0.0585
  17  0.0000  0.0002  0.0148  0.0000  0.0016  0.0089  0.0000
  18  0.0001  0.0208  0.0026  0.0854  0.0022  0.0360  0.0000
  19  0.0003  0.0188  0.0278  0.0142  0.0018  0.0052  0.0788
  20  0.0000  0.0018  0.0876  0.0024  0.0173  0.0803  0.0232
  21  0.0604  0.0153  0.0023  0.0081  0.0050  0.0241  0.0040
  22  0.0523  0.0223  0.0007  0.0255  0.0004  0.0017  0.0025
  23  0.0635  0.0134  0.0002  0.0176  0.0025  0.0022  0.0023
  24  0.0595  0.0163  0.0013  0.0073  0.0179  0.0145  0.0000
  25  0.0597  0.0166  0.0000  0.0199  0.0008  0.0027  0.0131
  26  0.0454  0.0285  0.0004  0.0208  0.0069  0.0017  0.0000
      15       16       17       18       19       20       21     
   1  0.0119  0.0079  0.0008  0.0227  0.0037  0.0117  0.0150
   2  0.0328  0.1502  0.0098  0.2015  0.1892  0.1263  0.3358
   3  0.0038  0.0155  0.1036  0.0524  0.1058  0.1881  0.0423
   4  0.0163  0.0235  0.1900  0.0585  0.1020  0.1275  0.0302
   5  0.0088  0.0857  0.0160  0.0572  0.0563  0.0544  0.0200
   6  0.4233  0.2855  0.0003  0.0523  0.0391  0.0832  0.0167
   7  0.0515  0.0344  0.0138  0.0400  0.0223  0.0075  0.0199
   8  0.0023  0.0018  0.0316  0.0184  0.0113  0.0065  0.0030
   9  0.0176  0.0469  0.0156  0.0206  0.0235  0.0623  0.0025
  10  0.0616  0.0284  0.0015  0.0340  0.0242  0.0152  0.0194
  11  0.0080  0.0524  0.0070  0.0842  0.0807  0.0410  0.1088
  12  0.0027  0.0007  0.1563  0.0770  0.0574  0.0082  0.0577
  13  0.0035  0.0069  0.0765  0.0545  0.0625  0.0643  0.1073
  14  0.0051  0.0050  0.1199  0.0225  0.0432  0.0600  0.0178
  15  0.0019  0.1470  0.0001  0.0133  0.0154  0.0355  0.0021
  16  0.1005  0.0048  0.0000  0.0207  0.0003  0.0036  0.0005
  17  0.1937  0.0419  0.0000  0.0038  0.0072  0.0001  0.0002
  18  0.0308  0.0118  0.0091  0.0061  0.0085  0.0008  0.0167
  19  0.0149  0.0374  0.0037  0.0040  0.0086  0.0284  0.0014
  20  0.0036  0.0036  0.0003  0.0175  0.0130  -0.0001  0.0003
  21  0.0009  0.0001  0.0061  0.0350  0.0511  0.0003  0.0145
  22  0.0002  0.0001  0.0375  0.0461  0.0053  0.0048  0.0399
  23  0.0003  0.0005  0.1314  0.0003  0.0020  0.0024  0.0094
  24  0.0000  0.0018  0.0216  0.0331  0.0001  0.0436  0.0078
  25  0.0016  0.0043  0.0221  0.0045  0.0301  0.0241  0.0277
  26  0.0022  0.0018  0.0252  0.0195  0.0375  0.0003  0.0829
      22       23       24       25       26       27       28     
   1  0.0198  0.0134  0.0021  0.0035  0.0026  0.0237  0.0186
   2  0.1237  0.1120  0.0579  0.0711  0.0313  0.2480  0.1576
   3  0.1598  0.0784  0.2684  0.1560  0.1675  0.1042  0.1663
   4  0.1047  0.0288  0.2856  0.0609  0.1007  0.0194  0.1365
   5  0.0220  0.0392  0.0371  0.0393  0.0057  0.0439  0.1390
   6  0.0152  0.0370  0.0260  0.0327  0.0307  0.2166  0.0626
   7  0.0270  0.0217  0.0257  0.0184  0.0104  0.0235  0.0495
   8  0.0243  0.0104  0.0007  0.0194  0.0206  0.0031  0.0367
   9  0.0245  0.0173  0.0166  0.0345  0.0204  0.0174  0.0528
  10  0.0002  0.0134  0.0054  0.0546  0.0594  0.1421  0.0467
  11  0.0255  0.0183  0.0097  0.0133  0.0031  0.0285  0.0027
  12  0.0378  0.1708  0.0662  0.0953  0.1028  0.0273  0.0187
  13  0.1557  0.0996  0.0185  0.1008  0.1320  0.0001  0.0307
  14  0.0423  0.0139  0.0528  0.0234  0.0091  0.0054  0.0020
  15  0.0000  0.0077  0.0053  0.0017  0.0001  0.0028  0.0004
  16  0.0034  0.0120  0.0097  0.0175  0.0125  0.0195  0.0001
  17  0.0046  0.0033  0.0006  0.0000  -0.0001  0.0046  0.0099
  18  0.0192  0.0079  0.0184  0.0086  -0.0000  0.0017  0.0129
  19  0.0088  0.0078  0.0029  0.0251  0.0236  0.0143  0.0114
  20  0.0000  0.0067  0.0031  0.0397  0.0456  0.0243  0.0020
  21  0.0155  0.0967  0.0399  0.0016  0.0008  0.0219  0.0154
  22  0.0008  0.0512  0.0189  0.0520  0.0634  0.0026  0.0001
  23  0.0143  0.0249  0.0086  0.0329  0.0345  0.0052  0.0067
  24  0.0509  0.0632  0.0111  0.0410  0.0102  0.0000  0.0165
  25  0.1000  0.0156  0.0005  0.0048  0.0612  0.0000  0.0030
  26  0.0001  0.0287  0.0083  0.0521  0.0519  0.0000  0.0012
      29       30       31       32       33       34       35     
   1  0.0027  0.0066  0.0011  0.0094  0.0414  0.0572  0.0164
   2  0.0588  0.2141  0.0018  0.0139  0.0534  0.2010  0.0487
   3  0.3075  0.0153  0.4281  0.0478  0.0035  0.0026  0.0866
   4  0.4214  0.0836  0.4491  0.0948  0.0185  0.0020  0.0678
   5  0.0267  0.2802  0.0233  0.0545  0.0508  0.1776  0.0836
   6  0.0247  0.0109  0.0374  0.0203  0.0161  0.0092  0.0057
   7  0.0161  0.0865  0.0078  0.0844  0.1009  0.0635  0.0630
   8  0.0106  0.0070  0.0003  0.1710  0.1840  0.0992  0.1490
   9  0.0035  0.0796  0.0129  0.0772  0.0407  0.0803  0.1793
  10  0.0165  0.0156  0.0122  0.0533  0.1112  0.1129  0.0633
  11  0.0016  0.0128  0.0005  0.0022  0.0231  0.0755  0.0278
  12  0.0511  0.0120  0.0013  0.0665  0.1762  0.0352  0.0064
  13  0.0023  0.0323  0.0016  0.1596  0.0530  0.0061  0.0714
  14  0.0006  0.0033  0.0051  0.0133  0.0013  0.0017  0.0557
  15  0.0001  0.0012  0.0012  0.0007  0.0007  0.0068  0.0053
  16  0.0013  0.0039  0.0041  0.0024  0.0038  0.0001  0.0011
  17  0.0029  0.0001  0.0004  0.0060  0.0118  0.0059  0.0003
  18  0.0100  0.0412  0.0001  0.0130  0.0151  0.0154  0.0101
  19  0.0002  0.0417  0.0069  0.0023  0.0043  0.0095  0.0005
  20  0.0032  0.0175  0.0027  0.0072  0.0077  0.0041  0.0272
  21  0.0117  0.0008  0.0003  0.0000  0.0194  0.0178  0.0005
  22  0.0092  0.0000  0.0001  0.0115  -0.0001  0.0000  0.0073
  23  0.0157  0.0050  0.0002  0.0546  0.0145  0.0006  0.0038
  24  0.0004  0.0006  0.0001  0.0170  0.0128  0.0030  0.0058
  25  0.0007  0.0111  0.0009  0.0170  0.0180  0.0106  0.0009
  26  0.0004  0.0170  0.0005  0.0000  0.0176  0.0019  0.0125
      36       37       38       39       40       41       42     
   1  0.1747  0.2856  0.5126  0.8723  0.0058  0.0015  0.1377
   2  0.0136  0.0449  0.0275  0.0005  0.0143  0.1319  0.0015
   3  0.0304  0.0090  0.0055  0.0010  0.0941  0.0091  0.0003
   4  0.0375  0.0200  0.0042  0.0010  0.0954  0.0125  0.0011
   5  0.0786  0.2045  0.1601  0.0043  0.0171  0.0877  0.1786
   6  0.0044  0.0024  0.0056  0.0037  0.0023  0.0223  0.0040
   7  0.1624  0.0088  0.1053  0.0122  0.0004  0.0020  0.2631
   8  0.1516  0.1476  0.0330  0.0081  0.0182  0.0038  0.1532
   9  0.0559  0.0392  0.0366  0.0029  0.0083  0.0132  0.0749
  10  0.0805  0.0528  0.0545  0.0303  0.0002  0.0059  0.0725
  11  0.0144  0.0480  0.0290  0.0010  0.0698  0.6288  0.0156
  12  0.0645  0.0053  0.0013  0.0086  0.0045  0.0007  0.0215
  13  0.0113  0.0275  0.0005  0.0255  0.0001  0.0003  0.0171
  14  0.0375  0.0221  0.0094  0.0043  0.6668  0.0676  0.0044
  15  0.0000  0.0024  0.0022  -0.0001  0.0001  0.0004  0.0000
  16  0.0021  0.0002  -0.0000  0.0008  0.0000  0.0005  0.0006
  17  0.0020  0.0001  0.0005  0.0002  0.0000  -0.0001  0.0084
  18  0.0009  0.0057  0.0081  0.0191  0.0003  0.0004  -0.0003
  19  0.0115  0.0481  0.0011  0.0001  0.0000  0.0010  0.0175
  20  0.0251  0.0073  0.0014  -0.0000  0.0015  0.0102  0.0013
  21  0.0014  0.0045  0.0000  0.0006  0.0000  0.0000  0.0040
  22  0.0138  0.0065  0.0000  0.0007  -0.0000  0.0000  0.0054
  23  0.0028  0.0001  0.0000  0.0003  -0.0001  0.0000  0.0019
  24  0.0166  0.0010  0.0008  0.0004  0.0005  0.0000  0.0068
  25  0.0019  0.0017  0.0008  0.0013  0.0003  0.0001  0.0048
  26  0.0045  0.0047  0.0000  0.0008  0.0001  0.0001  0.0040
      43       44       45       46       47       48       49     
   1  0.2337  0.0112  0.0422  0.0006  0.0079  0.0122  0.0053
   2  0.0016  0.0092  0.0012  0.0008  0.0012  0.0003  0.0049
   3  0.0000  0.0003  0.0005  0.0010  0.0006  0.0010  0.0007
   4  0.0001  0.0015  0.0014  0.0002  0.0014  0.0016  0.0016
   5  0.0598  0.0571  0.0455  0.0015  0.0153  0.0398  0.0818
   6  0.0560  0.1726  0.1592  0.1863  0.2192  0.1812  0.0602
   7  0.2806  0.0241  0.0383  0.0113  0.0423  0.0343  0.0434
   8  0.0843  0.0523  0.0974  0.1113  0.1006  0.1029  0.0493
   9  0.0008  0.0825  0.1026  0.0815  0.0390  0.1063  0.1467
  10  0.0950  0.2267  0.0852  0.0126  0.0196  0.0408  0.0687
  11  0.0159  0.1147  0.0117  0.0092  0.0164  0.0041  0.0733
  12  0.0303  0.0315  0.0447  0.1078  0.0537  0.0480  0.1097
  13  0.0209  0.0230  0.0484  0.0841  0.1010  0.0940  0.0957
  14  0.0008  0.0056  0.0073  0.0047  0.0197  0.0203  0.0025
  15  0.0005  0.0529  0.0774  0.1123  0.0155  0.1406  0.0166
  16  0.0031  0.0642  0.0849  0.0004  0.1288  0.0677  0.0079
  17  0.0169  0.0172  0.0292  0.1408  0.1518  0.0090  0.0392
  18  0.0611  0.0035  0.0047  0.0002  0.0000  0.0110  0.0153
  19  0.0003  0.0010  0.0085  0.0314  0.0094  0.0107  0.0253
  20  0.0132  0.0198  0.0388  0.0044  0.0009  0.0011  0.0024
  21  0.0006  0.0026  0.0243  0.0168  0.0003  0.0027  0.0021
  22  0.0081  0.0072  0.0001  0.0062  0.0018  0.0001  0.0516
  23  0.0005  0.0004  0.0002  0.0006  0.0243  0.0296  0.0477
  24  0.0039  0.0000  0.0062  0.0016  0.0255  0.0408  0.0037
  25  0.0004  0.0039  0.0375  0.0458  0.0038  -0.0000  0.0056
  26  0.0116  0.0149  0.0026  0.0268  0.0000  -0.0000  0.0387
      50       51       52       53       54       55       56     
   1  0.0754  0.0162  0.0115  0.0056  0.0040  0.0823  0.0446
   2  0.0007  0.0000  0.0001  0.0003  0.0002  0.0014  0.0027
   3  0.0003  0.0001  0.0010  0.0002  0.0017  0.0005  0.0020
   4  0.0007  0.0002  0.0018  0.0000  0.0009  0.0003  0.0027
   5  0.0071  0.0004  0.0279  0.0284  0.0095  0.0223  0.0200
   6  0.0405  0.0066  0.0163  0.0064  0.0018  0.0260  0.0062
   7  0.1743  0.0307  0.2195  0.1069  0.0159  0.1185  0.0539
   8  0.0043  0.0015  0.0109  0.0804  0.1098  0.1515  0.1344
   9  0.0158  0.0093  0.0890  0.0153  0.2047  0.0068  0.1530
  10  0.0881  0.0096  0.0725  0.0313  0.0112  0.1451  0.0886
  11  0.0201  0.0002  0.0409  0.0225  0.0040  0.0368  0.0568
  12  0.2196  0.2161  0.1145  0.1767  0.0772  0.0847  0.0750
  13  0.0645  0.2623  0.0464  0.1849  0.1887  0.1084  0.0647
  14  0.0021  0.0038  0.0449  0.0010  0.0264  0.0034  0.0947
  15  0.0071  0.0006  0.0033  0.0025  0.0011  -0.0001  0.0046
  16  0.0280  0.0049  0.0001  0.0002  0.0002  0.0249  0.0000
  17  0.0008  0.0001  0.0089  0.0023  0.0002  0.0016  0.0001
  18  0.0067  0.0070  0.0851  0.0404  0.0081  0.0075  0.0364
  19  0.0020  0.0039  0.0496  0.0058  0.1293  0.0014  0.0220
  20  0.0001  0.0001  0.0051  0.0065  0.0042  0.0562  0.0344
  21  0.1040  0.1231  0.0032  0.0027  0.0189  0.0243  0.0133
  22  0.0907  0.0041  0.0308  0.1092  0.0004  0.0042  0.0266
  23  0.0001  0.0626  0.0771  0.0249  0.0318  0.0192  0.0145
  24  0.0122  0.1472  0.0004  0.0103  0.0035  0.0603  0.0209
  25  0.0027  0.0676  0.0077  0.0053  0.1380  0.0019  0.0203
  26  0.0322  0.0218  0.0317  0.1302  0.0084  0.0105  0.0075
      57       58       59       60       61       62       63     
   1  0.0037  0.0587  0.0784  0.1475  0.0103  0.0039  0.0113
   2  0.0012  0.0016  0.0036  0.0017  0.0004  0.0000  0.0072
   3  0.0041  0.0066  0.0004  0.0109  0.2061  0.0259  0.0045
   4  0.0026  0.0016  0.0007  0.0018  0.0214  0.1865  0.0177
   5  0.0903  0.0292  0.0664  0.0897  0.0088  0.0190  0.0662
   6  0.0165  0.0291  0.0546  0.0005  0.0005  0.0161  0.2193
   7  0.0456  0.0435  0.0808  0.2426  0.0125  0.0037  0.0415
   8  0.0201  0.0611  0.0442  0.0122  0.0119  0.0510  0.0007
   9  0.2560  0.0961  0.0747  0.0160  0.0422  0.0818  0.0120
  10  0.2340  0.0459  0.0845  0.0680  0.0044  0.0148  0.1916
  11  0.0661  0.0452  0.1148  0.1907  0.0075  0.0014  0.0638
  12  0.0139  0.0772  0.0391  0.0004  0.0021  0.0144  0.0003
  13  0.0048  0.0953  0.0400  0.0003  0.0046  0.0069  0.0003
  14  0.0988  0.0826  0.0076  0.0453  0.6458  0.4693  0.0423
  15  -0.0001  0.0149  0.0404  0.0000  0.0003  0.0073  0.0991
  16  0.0069  0.0237  0.0456  0.0000  0.0015  0.0044  0.1017
  17  0.0077  0.0169  0.0430  0.0003  0.0004  0.0069  0.0945
  18  0.0001  0.0273  0.0031  0.1616  0.0063  0.0023  0.0112
  19  0.0000  0.0321  0.0033  0.0084  0.0013  0.0523  0.0006
  20  0.1136  0.0574  0.0792  0.0020  0.0009  0.0011  0.0138
  21  0.0007  0.0212  0.0149  0.0000  0.0014  0.0089  0.0000
  22  0.0011  0.0191  0.0146  0.0000  0.0016  0.0082  0.0000
  23  0.0088  0.0238  0.0156  0.0000  0.0001  0.0021  0.0002
  24  0.0005  0.0303  0.0144  0.0001  0.0025  0.0042  0.0001
  25  0.0007  0.0291  0.0176  0.0002  0.0020  0.0028  0.0002
  26  0.0022  0.0305  0.0188  0.0000  0.0034  0.0046  0.0002
      64       65       66       67       68     
   1  -0.0004  0.0006  0.0066  0.0085  0.0267
   2  0.0000  0.0002  0.1649  0.1334  0.0000
   3  0.0026  0.0283  0.0001  0.0000  0.0001
   4  0.0027  0.0584  0.0008  0.0002  0.0008
   5  0.0052  0.0377  0.0440  0.0630  0.0053
   6  0.0005  0.0034  0.0399  0.0240  0.0001
   7  0.0002  0.0041  0.0729  0.1067  0.0010
   8  0.1382  0.0821  0.0001  0.0002  0.3398
   9  0.0407  0.2363  0.0020  0.0107  0.1000
  10  0.0008  0.0087  0.2105  0.1360  0.0006
  11  0.0005  0.0052  0.4085  0.4956  0.0001
  12  0.1659  0.0948  0.0000  0.0000  0.1357
  13  0.1926  0.0023  0.0000  0.0000  0.2080
  14  0.0288  0.2460  0.0030  0.0007  0.0149
  15  0.0001  0.0005  0.0046  0.0011  0.0000
  16  0.0001  0.0002  0.0060  0.0020  0.0000
  17  0.0001  0.0005  0.0061  0.0005  0.0000
  18  0.0000  0.0007  0.0055  0.0061  0.0003
  19  0.0100  0.0604  0.0001  0.0001  0.0115
  20  0.0002  0.0021  0.0242  0.0111  0.0000
  21  0.0588  0.0418  0.0000  0.0000  0.0175
  22  0.0597  0.0367  0.0000  0.0000  0.0196
  23  0.0653  0.0456  0.0000  0.0000  0.0169
  24  0.0798  0.0011  0.0000  0.0000  0.0318
  25  0.0765  0.0005  0.0000  0.0000  0.0340
  26  0.0710  0.0018  0.0000  0.0000  0.0352


 Sorting 68 crystal orbitals.


# ******** Extended Hueckel Parameters ********
;  FORMAT  quantum number orbital: Hii, <c1>, exponent1, <c2>, <exponent2>

ATOM: S   Atomic number: 16  # Valence Electrons: 6
	3S:   -20.0000     2.1220
	3P:   -11.0000     1.8270
ATOM: O   Atomic number: 8  # Valence Electrons: 6
	2S:   -32.3000     2.2750
	2P:   -14.8000     2.2750
ATOM: N   Atomic number: 7  # Valence Electrons: 5
	2S:   -26.0000     1.9500
	2P:   -13.4000     1.9500
ATOM: C   Atomic number: 6  # Valence Electrons: 4
	2S:   -21.4000     1.6250
	2P:   -11.4000     1.6250
ATOM: H   Atomic number: 1  # Valence Electrons: 1
	1S:   -13.6000     1.3000

### TOTAL DENSITY OF STATES 
136 states are present.
#BEGIN CURVE
1.000000 -35.875839
1.000000 -35.219517
1.000000 -33.016411
1.000000 -30.829702
1.000000 -29.476679
1.000000 -27.776361
1.000000 -24.798300
1.000000 -24.046179
1.000000 -23.016138
1.000000 -21.799810
1.000000 -19.754217
1.000000 -18.362034
1.000000 -17.734003
1.000000 -17.266699
1.000000 -16.727707
1.000000 -16.581078
1.000000 -16.248579
1.000000 -15.896006
1.000000 -15.875958
1.000000 -15.770832
1.000000 -15.700202
1.000000 -15.508209
1.000000 -15.398818
1.000000 -15.309276
1.000000 -15.173629
1.000000 -15.042708
1.000000 -14.908427
1.000000 -14.785975
1.000000 -14.631079
1.000000 -14.508878
1.000000 -14.318476
1.000000 -13.880464
1.000000 -13.633720
1.000000 -13.152159
1.000000 -12.979213
1.000000 -12.573803
1.000000 -12.193385
1.000000 -11.772718
1.000000 -10.042622
1.000000 -8.259593
1.000000 -8.148870
1.000000 -2.407823
1.000000 -0.863701
1.000000 0.804019
1.000000 1.337437
1.000000 1.467425
1.000000 1.877010
1.000000 2.007648
1.000000 3.126261
1.000000 4.713202
1.000000 4.864859
1.000000 5.928956
1.000000 6.504048
1.000000 7.044000
1.000000 7.911402
1.000000 8.347865
1.000000 10.569916
1.000000 17.834835
1.000000 21.029230
1.000000 23.846039
1.000000 27.111906
1.000000 29.813013
1.000000 30.783520
1.000000 36.017185
1.000000 36.696384
1.000000 44.976402
1.000000 46.122345
1.000000 48.370190
#END CURVE
# END OF DOS


;  The Fermi Level was determined for 1 K points based on
;     an ordering of 68 crystal orbitals occupied by 78.000000 electrons
;      in the unit cell (78.000000 electrons total)
#Fermi_Energy:  -10.042622
#Average Energy:  -1443.171619 eV

# Atomic Orbital Occupations
;        s      px      py      pz    dx2-y2    dz2     dxy     dxz     dyz
1 S  1.5776  1.8151  1.1325  1.3678  0.0000  0.0000  0.0000  0.0000  0.0000 
2 O  1.6304  1.8415  1.7635  1.7920  0.0000  0.0000  0.0000  0.0000  0.0000 
3 O  1.6878  1.9553  1.7938  1.7570  0.0000  0.0000  0.0000  0.0000  0.0000 
4 O  1.6755  1.7544  1.7808  1.9519  0.0000  0.0000  0.0000  0.0000  0.0000 
5 N  1.4074  1.7153  1.2250  1.2031  0.0000  0.0000  0.0000  0.0000  0.0000 
6 N  1.3639  1.1707  1.1642  1.1581  0.0000  0.0000  0.0000  0.0000  0.0000 
7 C  1.1712  0.9515  0.8976  0.7506  0.0000  0.0000  0.0000  0.0000  0.0000 
8 C  1.1608  0.9295  0.9289  0.9255  0.0000  0.0000  0.0000  0.0000  0.0000 
9 C  1.1295  0.9677  0.8217  0.8452  0.0000  0.0000  0.0000  0.0000  0.0000 
10 C  1.1343  0.7579  1.0131  0.9481  0.0000  0.0000  0.0000  0.0000  0.0000 
11 C  0.9775  0.6999  0.5827  0.6589  0.0000  0.0000  0.0000  0.0000  0.0000 
12 C  1.2088  0.9621  0.9591  0.9498  0.0000  0.0000  0.0000  0.0000  0.0000 
13 C  1.2046  0.9720  0.9548  0.9492  0.0000  0.0000  0.0000  0.0000  0.0000 
14 C  0.9396  0.6219  0.4830  0.6335  0.0000  0.0000  0.0000  0.0000  0.0000 
15 H  0.7932  0.0000  0.0000  0.0000  0.0000  0.0000  0.0000  0.0000  0.0000 
16 H  0.7832  0.0000  0.0000  0.0000  0.0000  0.0000  0.0000  0.0000  0.0000 
17 H  0.7936  0.0000  0.0000  0.0000  0.0000  0.0000  0.0000  0.0000  0.0000 
18 H  0.9761  0.0000  0.0000  0.0000  0.0000  0.0000  0.0000  0.0000  0.0000 
19 H  1.0020  0.0000  0.0000  0.0000  0.0000  0.0000  0.0000  0.0000  0.0000 
20 H  0.9891  0.0000  0.0000  0.0000  0.0000  0.0000  0.0000  0.0000  0.0000 
21 H  0.9836  0.0000  0.0000  0.0000  0.0000  0.0000  0.0000  0.0000  0.0000 
22 H  0.9859  0.0000  0.0000  0.0000  0.0000  0.0000  0.0000  0.0000  0.0000 
23 H  0.9724  0.0000  0.0000  0.0000  0.0000  0.0000  0.0000  0.0000  0.0000 
24 H  0.9823  0.0000  0.0000  0.0000  0.0000  0.0000  0.0000  0.0000  0.0000 
25 H  0.9814  0.0000  0.0000  0.0000  0.0000  0.0000  0.0000  0.0000  0.0000 
26 H  0.9824  0.0000  0.0000  0.0000  0.0000  0.0000  0.0000  0.0000  0.0000 

# AVERAGE NET CHARGES
1 S 0.106965
2 O -1.027399
3 O -1.193859
4 O -1.162559
5 N -0.550821
6 N 0.143184
7 C 0.229088
8 C 0.055256
9 C 0.235918
10 C 0.146668
11 C 1.080912
12 C -0.079659
13 C -0.080552
14 C 1.322032
15 H 0.206793
16 H 0.216761
17 H 0.206367
18 H 0.023949
19 H -0.001980
20 H 0.010925
21 H 0.016385
22 H 0.014144
23 H 0.027565
24 H 0.017736
25 H 0.018623
26 H 0.017557
There are a total of 78.000000 electrons.
Done!
